// Jest Snapshot v1, https://goo.gl/fbAQLP
//Output generated by a snapshot style test. Must use -u when running test to make this regen
exports[`The tags list renders as expected 1`] = `
<div>
  <code>
    css
  </code>
  <code>
    html
  </code>
  <code>
    swift
  </code>
</div>
`;
